// Jest Snapshot v1, https://goo.gl/fbAQLP

exports[`AddressItem should render AddressItem and components 1`] = `
<label
  className="address-item addressItemOption"
  onClick={[Function]}
  selected={undefined}
>
  <div
    className="addressItemIcon shp-option-icon"
  >
    <svg
      className="svg"
      height="16"
      viewBox="0 0 16 16"
      width="16"
      xmlns="http://www.w3.org/2000/svg"
    >
      <path
        d="M8 0C3.584 0 0 3.584 0 8s3.584 8 8 8 8-3.584 8-8-3.584-8-8-8zm0 14.4A6.398 6.398 0 0 1 1.6 8c0-3.536 2.864-6.4 6.4-6.4 3.536 0 6.4 2.864 6.4 6.4 0 3.536-2.864 6.4-6.4 6.4z"
        fill="#666"
      />
    </svg>
  </div>
  <div
    className="shp-option-text addressItemText"
  >
    <div
      className="address-summary address-summary-BRA"
    >
      <span>
        <span
          className="street"
        >
          Rua Andrade Neves
        </span>
      </span>
      <span>
        
        <span
          className="complement"
        >
          100
        </span>
      </span>
      <br
        className="line1-delimiter"
      />
      <span>
        <span
          className="neighborhood"
        >
          Tijuca
        </span>
      </span>
      <span>
        <span
          className="city-delimiter"
        >
           - 
        </span>
        <span
          className="city"
        >
          Rio de Janeiro
        </span>
      </span>
      <span>
        <span
          className="state-delimiter"
        >
           - 
        </span>
        <span
          className="state"
        >
          RJ
        </span>
      </span>
      <br
        className="line2-delimiter"
      />
      <span>
        <span
          className="postalCode"
        >
          333333333
        </span>
      </span>
      <br
        className="line3-delimiter"
      />
      <span
        className="country"
      >
        BRA
      </span>
    </div>
  </div>
</label>
`;
