// Jest Snapshot v1, https://goo.gl/fbAQLP

exports[`PickupPoint should render self and components 1`] = `
<div
  className="PickupPoint pickup-point bg-white bb b--light-gray pv3"
  id="1"
>
  <div
    className="PickupPointInfo pickup-point-info flex-auto relative mr2"
  >
    <svg
      className="pickup-marker-blue"
      height="32"
      version="1.1"
      viewBox="0 0 48 48"
      width="32"
      x="0px"
      xmlns="http://www.w3.org/2000/svg"
      y="0px"
    >
      <path
        d="M24,1.11224c-9.38879,0-17,7.61115-17,17 c0,10.1424,12.87262,23.22955,16.2149,26.4566c0.44031,0.42517,1.12988,0.42517,1.57025,0C28.12744,41.3418,41,28.25464,41,18.11224 C41,8.72339,33.38879,1.11224,24,1.11224z"
        fill="#0176ff"
        stroke="#ffffff"
      />
      <circle
        cx="24"
        cy="18"
        fill="#FFFFFF"
        r="6"
      />
    </svg>
    <div
      className="pointWrapper pickup-point-wrapper"
    >
      <p
        className="PickupPointName pickup-point-name fw5 f6 pb1y"
      >
        test
      </p>
      <div
        className="PickupPointAddress pickup-point-address f7 pb1 gray"
      >
        <div
          className="address-summary address-summary-BRA"
        >
          <span>
            <span
              className="street"
            >
              Av das Américas
            </span>
          </span>
          <span>
            
            <span
              className="complement"
            >
              Loja Barra da Tijuca
            </span>
          </span>
          <br
            className="line1-delimiter"
          />
          <span>
            <span
              className="neighborhood"
            >
              Barra da Tijuca
            </span>
            <span
              className="neighborhood-delimiter-after"
            >
               - 
            </span>
          </span>
          <span>
            <span
              className="city"
            >
              Rio de janeiro
            </span>
          </span>
          <span>
            <span
              className="state-delimiter"
            >
               - 
            </span>
            <span
              className="state"
            >
              RJ
            </span>
          </span>
          <br
            className="line2-delimiter"
          />
          <span>
            <span
              className="postalCode"
            >
              22222222
            </span>
          </span>
          <br
            className="line3-delimiter"
          />
          <span
            className="country"
          >
            Brazil
          </span>
        </div>
      </div>
      <button
        className="details button-details-pickup-point btn btn-link f6 blue no-underline"
        id="details-pickup-button"
        onClick={[Function]}
        type="button"
      >
        Ver mais detalhes
      </button>
    </div>
  </div>
  <button
    className="pickupPointChange button-change-pickup-point btn btn-link"
    id="change-pickup-button"
    onClick={[Function]}
    type="button"
  >
    Ver todos os pontos de retirada
  </button>
</div>
`;

exports[`PickupPoint should render self and components in not modal mode 1`] = `
<div
  className="PickupPoint pickup-point bg-white bb b--light-gray pv3"
  id="1"
>
  <div
    className="PickupPointInfo pickup-point-info flex-auto relative mr2"
  >
    <svg
      className="pickup-marker-blue"
      height="32"
      version="1.1"
      viewBox="0 0 48 48"
      width="32"
      x="0px"
      xmlns="http://www.w3.org/2000/svg"
      y="0px"
    >
      <path
        d="M24,1.11224c-9.38879,0-17,7.61115-17,17 c0,10.1424,12.87262,23.22955,16.2149,26.4566c0.44031,0.42517,1.12988,0.42517,1.57025,0C28.12744,41.3418,41,28.25464,41,18.11224 C41,8.72339,33.38879,1.11224,24,1.11224z"
        fill="#0176ff"
        stroke="#ffffff"
      />
      <circle
        cx="24"
        cy="18"
        fill="#FFFFFF"
        r="6"
      />
    </svg>
    <div
      className="pointWrapper pickup-point-wrapper"
    >
      <p
        className="PickupPointName pickup-point-name fw5 f6 pb1y"
      >
        test
      </p>
      <div
        className="PickupPointAddress pickup-point-address f7 pb1 gray"
      >
        <div
          className="address-summary address-summary-BRA"
        >
          <span>
            <span
              className="street"
            >
              Av das Américas
            </span>
          </span>
          <span>
            
            <span
              className="complement"
            >
              Loja Barra da Tijuca
            </span>
          </span>
          <br
            className="line1-delimiter"
          />
          <span>
            <span
              className="neighborhood"
            >
              Barra da Tijuca
            </span>
            <span
              className="neighborhood-delimiter-after"
            >
               - 
            </span>
          </span>
          <span>
            <span
              className="city"
            >
              Rio de janeiro
            </span>
          </span>
          <span>
            <span
              className="state-delimiter"
            >
               - 
            </span>
            <span
              className="state"
            >
              RJ
            </span>
          </span>
          <br
            className="line2-delimiter"
          />
          <span>
            <span
              className="postalCode"
            >
              22222222
            </span>
          </span>
          <br
            className="line3-delimiter"
          />
          <span
            className="country"
          >
            Brazil
          </span>
        </div>
      </div>
      <button
        className="details button-details-pickup-point btn btn-link f6 blue no-underline"
        id="details-pickup-button"
        onClick={[Function]}
        type="button"
      >
        Ver mais detalhes
      </button>
    </div>
  </div>
  <button
    className="pickupPointChange button-change-pickup-point btn btn-link"
    id="change-pickup-button"
    onClick={[Function]}
    type="button"
  >
    Ver todos os pontos de retirada
  </button>
</div>
`;

exports[`PickupPoint should render self and components with free price 1`] = `
<div
  className="PickupPoint pickup-point bg-white bb b--light-gray pv3"
  id="1"
>
  <div
    className="PickupPointInfo pickup-point-info flex-auto relative mr2"
  >
    <svg
      className="pickup-marker-blue"
      height="32"
      version="1.1"
      viewBox="0 0 48 48"
      width="32"
      x="0px"
      xmlns="http://www.w3.org/2000/svg"
      y="0px"
    >
      <path
        d="M24,1.11224c-9.38879,0-17,7.61115-17,17 c0,10.1424,12.87262,23.22955,16.2149,26.4566c0.44031,0.42517,1.12988,0.42517,1.57025,0C28.12744,41.3418,41,28.25464,41,18.11224 C41,8.72339,33.38879,1.11224,24,1.11224z"
        fill="#0176ff"
        stroke="#ffffff"
      />
      <circle
        cx="24"
        cy="18"
        fill="#FFFFFF"
        r="6"
      />
    </svg>
    <div
      className="pointWrapper pickup-point-wrapper"
    >
      <p
        className="PickupPointName pickup-point-name fw5 f6 pb1y"
      >
        test
      </p>
      <div
        className="PickupPointAddress pickup-point-address f7 pb1 gray"
      >
        <div
          className="address-summary address-summary-BRA"
        >
          <span>
            <span
              className="street"
            >
              Av das Américas
            </span>
          </span>
          <span>
            
            <span
              className="complement"
            >
              Loja Barra da Tijuca
            </span>
          </span>
          <br
            className="line1-delimiter"
          />
          <span>
            <span
              className="neighborhood"
            >
              Barra da Tijuca
            </span>
            <span
              className="neighborhood-delimiter-after"
            >
               - 
            </span>
          </span>
          <span>
            <span
              className="city"
            >
              Rio de janeiro
            </span>
          </span>
          <span>
            <span
              className="state-delimiter"
            >
               - 
            </span>
            <span
              className="state"
            >
              RJ
            </span>
          </span>
          <br
            className="line2-delimiter"
          />
          <span>
            <span
              className="postalCode"
            >
              22222222
            </span>
          </span>
          <br
            className="line3-delimiter"
          />
          <span
            className="country"
          >
            Brazil
          </span>
        </div>
      </div>
      <button
        className="details button-details-pickup-point btn btn-link f6 blue no-underline"
        id="details-pickup-button"
        onClick={[Function]}
        type="button"
      >
        Ver mais detalhes
      </button>
    </div>
  </div>
  <button
    className="pickupPointChange button-change-pickup-point btn btn-link"
    id="change-pickup-button"
    onClick={[Function]}
    type="button"
  >
    Ver todos os pontos de retirada
  </button>
</div>
`;
