// Jest Snapshot v1, https://goo.gl/fbAQLP

exports[`ScheduledDelivery should render self and subcomponents 1`] = `
<IntlProvider
  locale="pt"
  messages={
    Object {
      "country.BRA": "BRA",
      "omnishipping.addDeliveryPlaceButton": "Entregar em outro endereço",
      "omnishipping.aditionalInfo": "Outras informações",
      "omnishipping.allItemsPickup": "Apenas a opção de Retirar em um Ponto está disponível para seus itens.",
      "omnishipping.askGeolocation": "Pesquise um endereço com sua localização",
      "omnishipping.askGeolocationAccept": "Usar minha localização atual",
      "omnishipping.askGeolocationDenied": "Buscar por um endereço",
      "omnishipping.askGeolocationDeniedSubtitle": "Procure por endereços que você frequenta e vamos localizar os pontos próximos",
      "omnishipping.askGeolocationDeniedTitle": "Encontre pontos de retirada próximos",
      "omnishipping.askGeolocationInstructions": "Selecione \\"Permitir\\" no alerta exibido no seu navegador",
      "omnishipping.askGeolocationManual": "Procurar endereço manualmente",
      "omnishipping.askGeolocationSearching": "Buscando sua localização",
      "omnishipping.askGeolocationSubtitle": "Para isso, precisamos saber sua localização",
      "omnishipping.askGeolocationTitle": "Vamos sugerir o ponto de retirada mais perto de você",
      "omnishipping.askGeolocationWaiting": "Aguardando sua autorização",
      "omnishipping.awatingData": "Aguardando o preenchimento dos dados",
      "omnishipping.backToAddressList": "Voltar para lista de endereços",
      "omnishipping.cancelBackList": "Consultar outros pontos",
      "omnishipping.cancelPickup": "Cancelar retirada",
      "omnishipping.change": "Ver todos os pontos de retirada",
      "omnishipping.changePostalCode": "Altere seu CEP",
      "omnishipping.cheapestOption": "Mais econômica",
      "omnishipping.chooseDelivery": "Receber em",
      "omnishipping.choosePickup": "Pacote e prazo",
      "omnishipping.closeButton": "fechar",
      "omnishipping.combinedOption": "Combinada",
      "omnishipping.confirmPoint": "Retirar neste ponto",
      "omnishipping.datepickerDateFormat": "dddd, LL",
      "omnishipping.deliver": "Receber",
      "omnishipping.deliverComplement": " ",
      "omnishipping.deliveryAddressTitle": "Endereço de entrega",
      "omnishipping.deliveryDate": "Agendamento",
      "omnishipping.deliveryOption": "Forma de entrega",
      "omnishipping.deliveryOptionsLeft": "Forma de entrega para os itens restantes",
      "omnishipping.deliverySplitDisclaimer": "Alguns itens estão indisponíveis para o seu endereço. Retire-os em um ponto.",
      "omnishipping.deliverySplitDisclaimerLogged": "Alguns itens estão indisponíveis para o seu endereço. Retire-os em um ponto.",
      "omnishipping.deliverySummary": "Receber",
      "omnishipping.deliveryTime": "Hora da entrega",
      "omnishipping.deliveryTitle": "Entrega",
      "omnishipping.deliveryWindows": "Das {startDate} às {endDate}",
      "omnishipping.deliveryWindowsSummary": "{date}, entre {startDate} e {endDate}",
      "omnishipping.deliveryWindowsSummarytime": "entre {startDate} e {endDate}",
      "omnishipping.details": "Ver mais detalhes",
      "omnishipping.editSelectedAddressButton": "Modificar endereço selecionado",
      "omnishipping.errorId": "ErrorId: {errorId}",
      "omnishipping.fastestOption": "Mais rápida",
      "omnishipping.fillDeliveryData": "Preencher Entrega",
      "omnishipping.findPickup": "Encontre um ponto de retirada perto de você.",
      "omnishipping.free": "Grátis",
      "omnishipping.items": "{itemsAmount, plural, =0 {} one {# item} other {# itens}}",
      "omnishipping.jsError": "Algo inesperado aconteceu",
      "omnishipping.list": "Lista",
      "omnishipping.loading": "Carregando…",
      "omnishipping.locatePickupPoint": "Localizar um ponto",
      "omnishipping.map": "Mapa",
      "omnishipping.modify": "alterar",
      "omnishipping.modifyDeliveryOptions": "Alterar opções de entrega",
      "omnishipping.modifyPostalCode": "alterar",
      "omnishipping.noAddressAction": "confirme sua identidade",
      "omnishipping.noAddressCTA": "Para adicionar um endereço, {action}.",
      "omnishipping.noAddressTitle": "Dados de endereço não preenchidos.",
      "omnishipping.noPickupSelected": "Nenhuma loja selecionada",
      "omnishipping.noTimesAvailable": "Nenhum horário disponível para esta data.",
      "omnishipping.of": "de",
      "omnishipping.onePackageIn": "Um pacote em",
      "omnishipping.optionPackagesDetails": "{items, plural, =0 {...} one {{shippingEstimate}} other {{items} pacotes em prazos variados}}",
      "omnishipping.package": "Pacote",
      "omnishipping.paymentCTA": "Ir para o pagamento",
      "omnishipping.pickUpItems": "{items, plural, =0 {} one {Retirar item em um ponto} other {Retirar itens em um ponto}}",
      "omnishipping.pickup": "Retirar",
      "omnishipping.pickupComplement": " ",
      "omnishipping.pickupOption": "Forma de retirada",
      "omnishipping.pickupPoint.modify": "Alterar",
      "omnishipping.pickupReceiver": "Responsável pela retirada",
      "omnishipping.pickupSomeItems": "1. Escolher opções de Retirada",
      "omnishipping.pickupSplitDisclaimer": "Alguns itens estão indisponíveis no ponto selecionado. Preencha seus dados de entrega para recebê-los.",
      "omnishipping.pickupSplitDisclaimerLogged": "Alguns itens estão indisponíveis neste ponto. Preencha seus dados de entrega para recebê-los.",
      "omnishipping.pickupSummary": "Retirar",
      "omnishipping.pointDetails": "Detalhes do ponto",
      "omnishipping.price": "{value, plural, =0 {Grátis} other {{formattedPrice}}}",
      "omnishipping.productsFromSeller": "Produtos de {seller}",
      "omnishipping.productsInPoint": "Itens disponíveis neste ponto",
      "omnishipping.receiveRemainingPackages": "2. Receber produtos restantes",
      "omnishipping.reloadThePage": "Recarregue a página",
      "omnishipping.removeFromCart": "{items, plural, =0 {} one {remova o item do carrinho.} other {remova os items do carrinho.}}",
      "omnishipping.scheduled": "Agendada",
      "omnishipping.scheduledDeliveryAll": "Agendar todos",
      "omnishipping.scheduledDeliveryChoice": "Escolher data e hora de entrega",
      "omnishipping.scheduledDeliveryPartial": "{amount, plural, =0 {} one {Agendar # item} other {Agendar # itens}}",
      "omnishipping.scheduledDeliveryPrice": "A partir de {price}",
      "omnishipping.scheduledDeliverySplitDisclaimer": "Alguns itens não podem ser agendados. Selecione uma forma de entrega para recebê-los.",
      "omnishipping.searchLocationMap": "Buscar por Lugar, CEP, Bairro ou Cidade",
      "omnishipping.selectDeliveryOptions": "Selecione as formas de entrega",
      "omnishipping.selectPickupPoint": "Selecione um ponto de retirada",
      "omnishipping.shippingAddress": "Endereço de entrega",
      "omnishipping.shippingEstimate-bd": "{timeAmount, plural, =0 {Mesmo dia} one {Em até # dia útil} other {Em até # dias úteis}}",
      "omnishipping.shippingEstimate-d": "{timeAmount, plural, =0 {Mesmo dia} one {Em até # dia} other {Em até # dias}}",
      "omnishipping.shippingEstimate-db": "Dias úteis",
      "omnishipping.shippingEstimate-h": "{timeAmount, plural, =0 {Em alguns instantes} one {Em até # hora} other {Em até # horas}}",
      "omnishipping.shippingEstimate-m": "{timeAmount, plural, =0 {Em alguns instantes} one {Em até # minuto} other {Em até # minutos}}",
      "omnishipping.shippingEstimatePickup-bd": "{timeAmount, plural, =0 {Mesmo dia} one {A partir de # dia útil} other {A partir de # dias úteis}}",
      "omnishipping.shippingEstimatePickup-d": "{timeAmount, plural, =0 {Mesmo dia} one {A partir de # dia} other {A partir de # dias}}",
      "omnishipping.shippingEstimatePickup-h": "{timeAmount, plural, =0 {Em alguns instantes} one {A partir de # hora} other {A partir de # horas}}",
      "omnishipping.shippingEstimatePickup-m": "{timeAmount, plural, =0 {Em alguns instantes} one {A partir de # minuto} other {A partir de # minutos}}",
      "omnishipping.shippingEstimateScheduled": "Entrega agendada",
      "omnishipping.slaOption": "{shippingEstimate} - {price, plural, =0 {Grátis} other {{price}}} ({name})",
      "omnishipping.slaOptionSimple": "{shippingEstimate}{scheduled}",
      "omnishipping.unavailable": "indisponível",
      "omnishipping.unavailableDelivery": "{items, plural, =0 {} one {O item a seguir está com entrega indisponível para o CEP escolhido.} other {Os itens a seguir estão com entrega indisponível para o CEP escolhido.}}",
      "omnishipping.unavailableDeliveryAvailablePickup": "{items, plural, =0 {} one {O item a seguir está indisponível para entrega. Você pode retirá-lo em um ponto.} other {Os itens a seguir estão indisponíveis para entrega. Você pode retirá-los em um ponto.}}",
      "omnishipping.unavailableDeliveryOptions": "Escolha outro ponto de retirada ou {removeFromCart}",
      "omnishipping.unavailableDeliveryOptionsPostalCode": "Altere seu CEP ou {removeFromCart}",
      "omnishipping.unavailableItemsAmount": "{itemsAmount, plural, =0 {} one {# indisponível} other {# indisponíveis}}",
      "omnishipping.yourPackages": "Pacotes e prazos",
    }
  }
>
  <Connect(InjectIntl(ScheduledDelivery))
    index={0}
    selectDeliveryWindow={[Function]}
    sla={
      Object {
        "availableDeliveryWindows": Array [
          Object {
            "endDateUtc": "2017-07-14T00:00:00+00:00",
            "lisPrice": 200,
            "price": 200,
            "startDateUtc": "2017-07-14T18:00:00+00:00",
            "tax": 20,
          },
          Object {
            "endDateUtc": "2017-07-13T00:00:00+00:00",
            "lisPrice": 200,
            "price": 200,
            "startDateUtc": "2017-07-13T18:00:00+00:00",
            "tax": 20,
          },
          Object {
            "endDateUtc": "2017-07-15T00:00:00+00:00",
            "lisPrice": 200,
            "price": 200,
            "startDateUtc": "2017-07-15T18:00:00+00:00",
            "tax": 20,
          },
          Object {
            "endDateUtc": "2017-07-16T00:00:00+00:00",
            "lisPrice": 200,
            "price": 200,
            "startDateUtc": "2017-07-16T18:00:00+00:00",
            "tax": 20,
          },
        ],
        "deliveryChannel": "delivery",
        "deliveryWindow": Object {
          "endDateUtc": "2017-07-14T18:00:00+00:00",
          "lisPrice": 200,
          "price": 200,
          "startDateUtc": "2017-07-14T15:00:00+00:00",
          "tax": 20,
        },
        "id": "Entrega Agendada",
        "name": "Entrega Agendada",
        "price": 1,
        "shippingEstimate": "0bd",
      }
    }
    storePreferencesData={
      Object {
        "countryCode": "BRA",
        "currencyCode": "BRL",
        "currencyFormatInfo": Object {
          "currencyDecimalDigits": 2,
          "currencyDecimalSeparator": ",",
          "currencyGroupSeparator": ".",
          "currencyGroupSize": 3,
          "startsWithCurrencySymbol": true,
        },
        "currencySymbol": "R$",
      }
    }
  />
</IntlProvider>
`;
